// Jest Snapshot v1, https://goo.gl/fbAQLP

exports[`Switch should render the switch component 1`] = `
.c0 {
  -webkit-appearance: none;
  -moz-appearance: none;
  -webkit-appearance: none;
  -moz-appearance: none;
  appearance: none;
  width: 3.125rem;
  height: 1.375rem;
  display: inline-block;
  position: relative;
  border-radius: 1.125rem;
  overflow: hidden;
  outline: none;
  border: none;
  cursor: pointer;
  background-color: transparent;
  border: 1px solid #B4B4B4;
  -webkit-transition: background-color ease 0.3s;
  transition: background-color ease 0.3s;
}

.c0:before {
  content: '';
  display: block;
  position: absolute;
  width: 1rem;
  height: 1rem;
  background: #FFF;
  left: 2px;
  top: 2px;
  border-radius: 1.125rem;
  -webkit-transition: all cubic-bezier(0.3,1.5,0.7,1) 0.3s;
  transition: all cubic-bezier(0.3,1.5,0.7,1) 0.3s;
}

.c0:checked {
  background-color: #00A8E8;
  border-color: #00A8E8;
}

.c0:checked:before {
  background: #1C2125;
}

.c0:checked:before {
  left: 1.9375rem;
}

<input
  class="c0"
  data-testid="switch"
  type="checkbox"
/>
`;
