// Jest Snapshot v1, https://goo.gl/fbAQLP

exports[`SelectList Render tab component with one tab, content with correct data and styles 1`] = `
.c0 {
  display: -webkit-box;
  display: -webkit-flex;
  display: -ms-flexbox;
  display: flex;
  -webkit-flex-direction: column;
  -ms-flex-direction: column;
  flex-direction: column;
  max-width: 100%;
}

.c1 {
  display: -webkit-box;
  display: -webkit-flex;
  display: -ms-flexbox;
  display: flex;
  overflow-x: auto;
}

.c2 {
  z-index: 10;
  cursor: pointer;
  color: #FFF;
  padding: 0.375rem 0.375rem;
  text-align: center;
  margin-right: 0.25rem;
  background: #1C2125;
  border-radius: 0.375rem 0.375rem 0 0;
  border: 1px solid #505050;
  border-bottom: none;
}

.c2:nth-child(1) {
  border-bottom: 1px solid #00A8E8;
}

.c2:last-child {
  margin-right: 0;
}

.c3 {
  color: #FFF;
  padding: 1.25rem;
  display: block;
  background: #1C2125;
  border: 1px solid #505050;
}

.c4 {
  list-style: none;
  padding: 0;
}

.c5 {
  list-style: none;
  padding: 0 0 1.625rem 1.25rem;
  border-left: 1px solid #8C8D8F;
  position: relative;
  margin-left: 0.625rem;
}

.c5:last-child {
  border: 0;
  padding-bottom: 0;
  vertical-align: baseline;
}

.c5:last-child > p {
  margin: 0;
}

.c5:before {
  content: '';
  width: 0.8125rem;
  height: 0.8125rem;
  background: #8C8D8F;
  border-radius: 50%;
  position: absolute;
  left: -0.4375rem;
  top: 0;
}

.c5:last-child:before {
  left: -0.375rem;
}

.c8 {
  list-style: none;
  padding: 0 0 1.625rem 1.25rem;
  border-left: 1px solid #8C8D8F;
  position: relative;
  margin-left: 0.625rem;
}

.c8:last-child {
  border: 0;
  padding-bottom: 0;
  vertical-align: baseline;
}

.c8:last-child > p {
  margin: 0;
}

.c8:before {
  content: '';
  width: 0.8125rem;
  height: 0.8125rem;
  background: #8C8D8F;
  border-radius: 50%;
  position: absolute;
  left: -0.4375rem;
  top: 0;
}

.c8:last-child:before {
  left: -0.375rem;
  background-color: #00A8E8;
}

.c6 {
  margin: 0;
}

.c9 {
  color: #00A8E8;
}

.c7 {
  -webkit-text-decoration: underline;
  text-decoration: underline;
}

<div
  class="c0"
  data-testid="tabs-container"
>
  <div
    class="c1"
  >
    <div
      class="c2"
    >
      GLMR 
      Select Token
    </div>
  </div>
  <div
    class="c3"
  >
    <ul
      class="c4"
    >
      <li
        class="c5"
      >
        <h3
          class="c6"
        >
          Swap Request Validation (
          1
          /2)
        </h3>
        <p
          class=""
        >
          Your Swap request is under validation. Please wait until full confirmation.
        </p>
      </li>
      <li
        class="c5"
      >
        <h3
          class="c6"
        >
          Conversion GLMR 
          BUSD
        </h3>
        <p
          class=""
        >
          Type: 
          BUY
        </p>
        <p
          class=""
        >
          Pair: 
          GLMRBUSD
        </p>
        <p
          class=""
        >
          Quantity: 
          24
        </p>
        <p
          class=""
        >
          Price: 
          0.8503
        </p>
        <p
          class=""
        >
          Time: 
          10/06/2022 10:40:54
        </p>
      </li>
      <li
        class="c5"
      >
        <a
          class="c7"
        >
          Withdrawal confirmed!
        </a>
        <p
          class=""
        >
          You can check transaction by link
        </p>
      </li>
      <li
        class="c8"
        color="#00A8E8"
      >
        <p
          class="c9"
          color="#00A8E8"
        >
          Successful swap!
        </p>
      </li>
    </ul>
  </div>
</div>
`;
