// Jest Snapshot v1, https://goo.gl/fbAQLP

exports[`Accordion should match snapshot 1`] = `
.c0 {
  background-color: #1C2125;
  margin-top: 0.75rem;
  font-size: 1rem;
  line-height: 1.375rem;
  border: 1px solid #494949;
  border-radius: 0.375rem;
  overflow: hidden;
}

.c1 {
  border-bottom: 1px solid #494949;
}

.c1:last-child {
  border-bottom: none;
}

.c2 {
  cursor: pointer;
  padding: 0.75rem 3rem 0.75rem 1.25rem;
  background-color: #1C2125;
  -webkit-transition: all .2s ease-in-out;
  transition: all .2s ease-in-out;
  position: relative;
  z-index: 10;
  display: -webkit-box;
  display: -webkit-flex;
  display: -ms-flexbox;
  display: flex;
  -webkit-box-pack: justify;
  -webkit-justify-content: space-between;
  -ms-flex-pack: justify;
  justify-content: space-between;
}

.c3 {
  display: -webkit-box;
  display: -webkit-flex;
  display: -ms-flexbox;
  display: flex;
  gap: 0.5rem;
  -webkit-flex: 1;
  -ms-flex: 1;
  flex: 1;
}

.c5 {
  display: -webkit-box;
  display: -webkit-flex;
  display: -ms-flexbox;
  display: flex;
  gap: 0.5rem;
  -webkit-flex: 2;
  -ms-flex: 2;
  flex: 2;
}

.c4 {
  color: #FFF;
}

.c6 {
  width: 0.625rem;
  height: 0.625rem;
  background-color: #FFF;
  position: absolute;
  top: 50%;
  right: 1.25rem;
  -webkit-transition: all .2s ease-in-out;
  transition: all .2s ease-in-out;
  -webkit-transform: translate(-50%,-50%) rotate(-135deg);
  -ms-transform: translate(-50%,-50%) rotate(-135deg);
  transform: translate(-50%,-50%) rotate(-135deg);
}

.c7 {
  width: 100%;
  height: 100%;
  background-color: #1C2125;
  position: absolute;
  left: 15%;
  top: 15%;
}

.c8 {
  height: 1.875rem;
  color: #FFF;
  text-align: center;
  position: relative;
  margin-top: -1.875rem;
  text-align: left;
  -webkit-transition: all .2s cubic-bezier(0.6,-0.28,0.735,0.045);
  transition: all .2s cubic-bezier(0.6,-0.28,0.735,0.045);
}

.c9 {
  visibility: hidden;
  opacity: 0;
  overflow: auto;
  padding: 0.75rem 1.25rem;
  overflow-y: scroll;
  -webkit-transition: all 0.2s ease-in;
  transition: all 0.2s ease-in;
}

@media (max-width:760px) {
  .c5 {
    display: none;
  }
}

<div
  class="c0"
  data-testid="accordion"
>
  <div
    class="c1"
  >
    <div
      class="c2"
    >
      <div
        class="c3"
      >
        <div
          class="c4"
          color="#FFF"
        >
          GLMRBTC
        </div>
      </div>
      <div
        class="c5"
      >
        Deposit Time: 
        <div
          class="c4"
          color="#FFF"
        >
          23/11/21 12:34
        </div>
      </div>
      <div
        class="c5"
      >
        Sent: 
        <div
          class="c4"
          color="#FFF"
        >
          123CELO (celo)
        </div>
      </div>
      <div
        class="c5"
      >
        Reiceved: 
        <div
          class="c4"
          color="#FFF"
        >
          456USDT (BTC)
        </div>
      </div>
      <div
        class="c6"
      >
        <div
          class="c7"
        />
      </div>
    </div>
    <div
      class="c8"
    >
      <div
        class="c9"
      >
        Lorem ipsum dolor sit amet
      </div>
    </div>
  </div>
  <div
    class="c1"
  >
    <div
      class="c2"
    >
      <div
        class="c3"
      >
        <div
          class="c4"
          color="#FFF"
        >
          ETHBTC
        </div>
      </div>
      <div
        class="c5"
      >
        Deposit Time: 
        <div
          class="c4"
          color="#FFF"
        >
          03/04/22 9:12
        </div>
      </div>
      <div
        class="c5"
      >
        Sent: 
        <div
          class="c4"
          color="#FFF"
        >
          245.93EtH (ETH)
        </div>
      </div>
      <div
        class="c5"
      >
        Reiceved: 
        <div
          class="c4"
          color="#FFF"
        >
          123235445BTC (BTC)
        </div>
      </div>
      <div
        class="c6"
      >
        <div
          class="c7"
        />
      </div>
    </div>
    <div
      class="c8"
    >
      <div
        class="c9"
      >
        Lorem ipsum dolor sit amet
      </div>
    </div>
  </div>
  <div
    class="c1"
  >
    <div
      class="c2"
    >
      <div
        class="c3"
      >
        <div
          class="c4"
          color="#FFF"
        >
          BUSDUSDT
        </div>
      </div>
      <div
        class="c5"
      >
        Deposit Time: 
        <div
          class="c4"
          color="#FFF"
        >
          01/05/18 12:34
        </div>
      </div>
      <div
        class="c5"
      >
        Sent: 
        <div
          class="c4"
          color="#FFF"
        >
          12BUSD (ETH)
        </div>
      </div>
      <div
        class="c5"
      >
        Reiceved: 
        <div
          class="c4"
          color="#FFF"
        >
          234.123USDT (ETH)
        </div>
      </div>
      <div
        class="c6"
      >
        <div
          class="c7"
        />
      </div>
    </div>
    <div
      class="c8"
    >
      <div
        class="c9"
      >
        Lorem ipsum dolor sit amet
      </div>
    </div>
  </div>
</div>
`;
